[quomodothemes.website/html/shopus/index.html]
[quomodothemes.website/html/shopus/assets/images/homepage-one/icon.png]
[backblue.gif]
[fade.gif]
[index.html]
[quomodothemes.website/html/shopus/css/swiper10-bundle.min.css]
[quomodothemes.website/html/shopus/css/bootstrap-5.3.2.min.css]
[quomodothemes.website/html/shopus/css/nouislider.min.css]
[quomodothemes.website/html/shopus/css/aos-3.0.0.css]
[quomodothemes.website/html/shopus/css/style.css]
[quomodothemes.website/html/shopus/user-profile.html]
[quomodothemes.website/html/shopus/order.html]
[quomodothemes.website/html/shopus/faq.html]
[quomodothemes.website/html/shopus/assets/images/logos/logo.webp]
[quomodothemes.website/html/shopus/compaire.html]
[quomodothemes.website/html/shopus/wishlist.html]
[quomodothemes.website/html/shopus/cart.html]
[quomodothemes.website/html/shopus/assets/images/homepage-one/product-img/product-img-1.webp]
[quomodothemes.website/html/shopus/assets/images/homepage-one/product-img/product-img-2.webp]
[quomodothemes.website/html/shopus/assets/images/homepage-one/product-img/product-img-3.webp]
[quomodothemes.website/html/shopus/assets/images/homepage-one/product-img/product-img-4.webp]
[quomodothemes.website/html/shopus/checkout.html]
[quomodothemes.website/html/shopus/product-sidebar.html]
[quomodothemes.website/html/shopus/assets/images/homepage-one/category-img/dresses.webp]
[quomodothemes.website/html/shopus/assets/images/homepage-one/category-img/bags.webp]
[quomodothemes.website/html/shopus/assets/images/homepage-one/category-img/sweaters.webp]
[quomodothemes.website/html/shopus/assets/images/homepage-one/category-img/shoes.webp]
[quomodothemes.website/html/shopus/assets/images/homepage-one/category-img/gift.webp]
[quomodothemes.website/html/shopus/assets/images/homepage-one/category-img/sneakers.webp]
[quomodothemes.website/html/shopus/assets/images/homepage-one/category-img/watch.webp]
[quomodothemes.website/html/shopus/assets/images/homepage-one/category-img/ring.webp]
[quomodothemes.website/html/shopus/assets/images/homepage-one/category-img/cap.webp]
[quomodothemes.website/html/shopus/assets/images/homepage-one/category-img/glass.webp]
[quomodothemes.website/html/shopus/assets/images/homepage-one/category-img/baby.webp]
[quomodothemes.website/html/shopus/home-two.html]
[quomodothemes.website/html/shopus/home-three.html]
[quomodothemes.website/html/shopus/assets/images/homepage-one/empty-wishlist.webp]
[quomodothemes.website/html/shopus/product-info.html]
[quomodothemes.website/html/shopus/privacy.html]
[quomodothemes.website/html/shopus/terms.html]
[quomodothemes.website/html/shopus/about.html]
[quomodothemes.website/html/shopus/blogs.html]
[quomodothemes.website/html/shopus/blogs-details.html]
[quomodothemes.website/html/shopus/contact-us.html]
[quomodothemes.website/html/shopus/become-vendor.html]
[quomodothemes.website/html/shopus/assets/images/homepage-one/brand-img-1.webp]
[quomodothemes.website/html/shopus/assets/images/homepage-one/brand-img-2.webp]
[quomodothemes.website/html/shopus/assets/images/homepage-one/brand-img-3.webp]
[quomodothemes.website/html/shopus/assets/images/homepage-one/brand-img-4.webp]
[quomodothemes.website/html/shopus/assets/images/homepage-one/brand-img-5.webp]
[quomodothemes.website/html/shopus/assets/images/homepage-one/brand-img-6.webp]
[quomodothemes.website/html/shopus/assets/images/homepage-one/brand-img-7.webp]
[quomodothemes.website/html/shopus/assets/images/homepage-one/brand-img-8.webp]
[quomodothemes.website/html/shopus/assets/images/homepage-one/brand-img-9.webp]
[quomodothemes.website/html/shopus/assets/images/homepage-one/brand-img-10.webp]
[quomodothemes.website/html/shopus/assets/images/homepage-one/brand-img-11.webp]
[quomodothemes.website/html/shopus/assets/images/homepage-one/brand-img-12.webp]
[quomodothemes.website/html/shopus/assets/images/homepage-one/product-img/product-img-5.webp]
[quomodothemes.website/html/shopus/assets/images/homepage-one/product-img/product-img-6.webp]
[quomodothemes.website/html/shopus/assets/images/homepage-one/product-img/product-img-7.webp]
[quomodothemes.website/html/shopus/assets/images/homepage-one/product-img/product-img-8.webp]
[quomodothemes.website/html/shopus/flash-sale.html]
[quomodothemes.website/html/shopus/assets/images/homepage-one/product-img/product-img-9.webp]
[quomodothemes.website/html/shopus/assets/images/homepage-one/product-img/product-img-10.webp]
[quomodothemes.website/html/shopus/sellers.html]
[quomodothemes.website/html/shopus/seller-sidebar.html]
[quomodothemes.website/html/shopus/assets/images/homepage-one/product-img/product-img-11.webp]
[quomodothemes.website/html/shopus/assets/images/homepage-one/product-img/product-img-13.webp]
[quomodothemes.website/html/shopus/assets/images/homepage-one/product-img/product-img-12.webp]
[quomodothemes.website/html/shopus/assets/images/logos/footer-logo.webp]
[quomodothemes.website/html/shopus/assets/js/jquery_3.7.1.min.js]
[quomodothemes.website/html/shopus/assets/js/bootstrap_5.3.2.bundle.min.js]
[quomodothemes.website/html/shopus/assets/js/nouislider.min.js]
[quomodothemes.website/html/shopus/assets/js/aos-3.0.0.js]
[quomodothemes.website/html/shopus/assets/js/swiper10-bundle.min.js]
[quomodothemes.website/html/shopus/index.html]
[quomodothemes.website/html/shopus/css/swiper10-bundle.min.css]
[quomodothemes.website/html/shopus/css/bootstrap-5.3.2.min.css]
[quomodothemes.website/html/shopus/css/nouislider.min.css]
[quomodothemes.website/html/shopus/css/aos-3.0.0.css]
[quomodothemes.website/html/shopus/assets/js/shopus.js]
[quomodothemes.website/html/shopus/assets/images/homepage-one/hero-slider-one.webp]
[quomodothemes.website/html/shopus/assets/images/homepage-one/hero-slider-two.webp]
[quomodothemes.website/html/shopus/assets/images/homepage-one/hero-slider-three.webp]
[quomodothemes.website/html/shopus/assets/images/homepage-two/h-1.webp]
[quomodothemes.website/html/shopus/assets/images/homepage-two/h-2.webp]
[quomodothemes.website/html/shopus/assets/images/homepage-three/hero-slide-one.webp]
[quomodothemes.website/html/shopus/assets/images/homepage-one/syle-bg-one.webp]
[quomodothemes.website/html/shopus/assets/images/homepage-one/style-bg-two.webp]
[quomodothemes.website/html/shopus/assets/images/homepage-one/flash-sale.webp]
[quomodothemes.website/html/shopus/assets/images/homepage-one/style-bg-three.webp]
[quomodothemes.website/html/shopus/assets/images/homepage-one/style-bg-four.webp]
[quomodothemes.website/html/shopus/assets/images/homepage-two/style-bg-three.webp]
[quomodothemes.website/html/shopus/assets/images/homepage-two/style-bg-four.webp]
[quomodothemes.website/html/shopus/assets/images/homepage-two/discount-bg.webp]
[quomodothemes.website/html/shopus/assets/images/homepage-three/style-bg-three.webp]
[quomodothemes.website/html/shopus/assets/images/homepage-three/style-bg-four.webp]
[quomodothemes.website/html/shopus/assets/images/homepage-one/footer-bg.webp]
[quomodothemes.website/html/shopus/assets/images/homepage-one/sidebar-img.png]
[quomodothemes.website/html/shopus/assets/images/homepage-one/product-deal-.webp]
[quomodothemes.website/html/shopus/assets/images/homepage-one/newsletter.webp]
[quomodothemes.website/html/shopus/assets/images/homepage-one/login-bg.webp]
[quomodothemes.website/html/shopus/assets/images/homepage-one/sallers-cover.png]
[quomodothemes.website/html/shopus/css/style.css]
[quomodothemes.website/html/shopus/login.html]
[quomodothemes.website/html/shopus/assets/images/homepage-one/payment-img-1.png]
[quomodothemes.website/html/shopus/assets/images/homepage-one/payment-img-2.png]
[quomodothemes.website/html/shopus/assets/images/homepage-one/payment-img-3.png]
[quomodothemes.website/html/shopus/assets/images/homepage-one/payment-img-4.png]
[quomodothemes.website/html/shopus/assets/images/homepage-one/close-btn.png]
[quomodothemes.website/html/shopus/assets/images/homepage-one/reset.webp]
[quomodothemes.website/html/shopus/user-profile.html]
[quomodothemes.website/cdn-cgi/scripts/5c5dd728/cloudflare-static/email-decode.min.js]
[quomodothemes.website/html/shopus/assets/images/homepage-one/order.png]
[quomodothemes.website/html/shopus/order.html]
[quomodothemes.website/html/shopus/faq.html]
[quomodothemes.website/html/shopus/compaire.html]
[quomodothemes.website/html/shopus/wishlist.html]
[quomodothemes.website/html/shopus/empty-wishlist.html]
[quomodothemes.website/html/shopus/cart.html]
[quomodothemes.website/html/shopus/checkout.html]
[quomodothemes.website/html/shopus/product-sidebar.html]
[quomodothemes.website/html/shopus/empty-cart.html]
[quomodothemes.website/html/shopus/assets/images/homepage-one/h-1.png]
[quomodothemes.website/html/shopus/assets/images/homepage-two/h-3.webp]
[quomodothemes.website/html/shopus/assets/images/homepage-two/h-4.webp]
[quomodothemes.website/html/shopus/assets/images/homepage-two/h-5.webp]
[quomodothemes.website/html/shopus/assets/images/homepage-two/cat-img-1.webp]
[quomodothemes.website/html/shopus/assets/images/homepage-two/cat-img-8.webp]
[quomodothemes.website/html/shopus/assets/images/homepage-two/cat-img-2.webp]
[quomodothemes.website/html/shopus/assets/images/homepage-two/cat-img-3.webp]
[quomodothemes.website/html/shopus/assets/images/homepage-two/cat-img-4.webp]
[quomodothemes.website/html/shopus/assets/images/homepage-two/cat-img-5.webp]
[quomodothemes.website/html/shopus/assets/images/homepage-two/cat-img-6.webp]
[quomodothemes.website/html/shopus/assets/images/homepage-two/cat-img-7.webp]
[quomodothemes.website/html/shopus/assets/images/homepage-two/brand-img-1.webp]
[quomodothemes.website/html/shopus/assets/images/homepage-two/brand-img-2.webp]
[quomodothemes.website/html/shopus/assets/images/homepage-two/brand-img-3.webp]
[quomodothemes.website/html/shopus/assets/images/homepage-two/brand-img-4.webp]
[quomodothemes.website/html/shopus/assets/images/homepage-two/brand-img-5.webp]
[quomodothemes.website/html/shopus/assets/images/homepage-two/brand-img-6.webp]
[quomodothemes.website/html/shopus/assets/images/homepage-two/brand-img-7.webp]
[quomodothemes.website/html/shopus/assets/images/homepage-two/brand-img-8.webp]
[quomodothemes.website/html/shopus/home-two.html]
[quomodothemes.website/html/shopus/assets/images/homepage-three/discount-img-1.webp]
[quomodothemes.website/html/shopus/assets/images/homepage-three/discount-img-2.webp]
[quomodothemes.website/html/shopus/home-three.html]
[quomodothemes.website/html/shopus/assets/images/homepage-one/product-img/product-img-14.webp]
[quomodothemes.website/html/shopus/assets/images/homepage-one/product-img/product-slider-img-1.webp]
[quomodothemes.website/html/shopus/assets/images/homepage-one/product-img/product-slider-img-2.webp]
[quomodothemes.website/html/shopus/assets/images/homepage-one/product-img/product-slider-img-3.webp]
[quomodothemes.website/html/shopus/assets/images/homepage-one/product-img/product-img-16.png]
[quomodothemes.website/html/shopus/assets/images/homepage-one/product-img/product-img-17.png]
[quomodothemes.website/html/shopus/assets/images/homepage-one/aurthor-img-1.webp]
[quomodothemes.website/html/shopus/product-info.html]
[quomodothemes.website/html/shopus/privacy.html]
[quomodothemes.website/html/shopus/terms.html]
[quomodothemes.website/html/shopus/assets/images/homepage-one/about/about-img-1.webp]
[quomodothemes.website/html/shopus/assets/images/homepage-one/about/advertrisement-vedio.mp4]
[quomodothemes.website/html/shopus/assets/images/homepage-one/about/testimonial-img-1.webp]
[quomodothemes.website/html/shopus/assets/images/homepage-one/about/testimonial-img-2.webp]
[quomodothemes.website/html/shopus/assets/images/homepage-one/about/testimonial-img-3.webp]
[quomodothemes.website/html/shopus/assets/images/homepage-one/about/about-img-2.webp]
[quomodothemes.website/html/shopus/assets/images/homepage-one/about/about-img-3.webp]
[quomodothemes.website/html/shopus/assets/images/homepage-one/about/about-img-4.webp]
[quomodothemes.website/html/shopus/about.html]
[quomodothemes.website/html/shopus/assets/images/homepage-one/about/blog-img-1.webp]
[quomodothemes.website/html/shopus/assets/images/homepage-one/about/blog-img-2.webp]
[quomodothemes.website/html/shopus/blog-details.html]
[quomodothemes.website/html/shopus/assets/images/homepage-one/about/blog-img-3.webp]
[quomodothemes.website/html/shopus/blogs.html]
[quomodothemes.website/html/shopus/blogs-details.html]
[quomodothemes.website/html/shopus/contact-us.html]
[quomodothemes.website/html/shopus/become-vendor.html]
[quomodothemes.website/html/shopus/flash-sale.html]
[quomodothemes.website/html/shopus/create-account.html]
[quomodothemes.website/html/shopus/assets/images/homepage-one/seller-img/seller-img-1.png]
[quomodothemes.website/html/shopus/assets/images/homepage-one/seller-img/seller-img-6.png]
[quomodothemes.website/html/shopus/assets/images/homepage-one/seller-img/seller-img-5.png]
[quomodothemes.website/html/shopus/assets/images/homepage-one/seller-img/seller-img-4.png]
[quomodothemes.website/html/shopus/assets/images/homepage-one/seller-img/seller-img-3.png]
[quomodothemes.website/html/shopus/assets/images/homepage-one/seller-img/seller-img-2.png]
[quomodothemes.website/html/shopus/sellers.html]
[quomodothemes.website/html/shopus/seller-sidebar.html]
[quomodothemes.website/html/shopus/login.html]
[quomodothemes.website/html/shopus/empty-wishlist.html]
[quomodothemes.website/html/shopus/assets/images/homepage-one/empty-cart.webp]
[quomodothemes.website/html/shopus/empty-cart.html]
[quomodothemes.website/html/shopus/blog-details.html]
[quomodothemes.website/html/shopus/create-account.html]
